src/components/animations/FadeIn.tsx(35,7): error TS2322: Type 'object' is not assignable to type 'boolean | TargetAndTransition | VariantLabels'.
src/components/authModal.tsx(234,22): error TS2322: Type '{ children: (string | Element)[]; type: string; disabled: boolean; className: string; }' is not assignable to type 'IntrinsicAttributes & RefAttributes<unknown>'.
  Property 'children' does not exist on type 'IntrinsicAttributes & RefAttributes<unknown>'.
src/components/Footer.tsx(73,30): error TS2741: Property 'className' is missing in type '{ children: Element; key: string; delay: number; }' but required in type '{ className: any; delay?: number; children: any; }'.
src/components/Navbar.tsx(131,16): error TS2322: Type '{ children: Element[]; onClick: () => Promise<void>; variant: string; className: string; }' is not assignable to type 'IntrinsicAttributes & RefAttributes<unknown>'.
  Property 'children' does not exist on type 'IntrinsicAttributes & RefAttributes<unknown>'.
src/components/Navbar.tsx(143,16): error TS2322: Type '{ children: string; variant: string; onClick: () => void; className: string; }' is not assignable to type 'IntrinsicAttributes & RefAttributes<unknown>'.
  Property 'children' does not exist on type 'IntrinsicAttributes & RefAttributes<unknown>'.
src/components/Navbar.tsx(151,16): error TS2322: Type '{ children: string; onClick: () => void; className: string; }' is not assignable to type 'IntrinsicAttributes & RefAttributes<unknown>'.
  Property 'children' does not exist on type 'IntrinsicAttributes & RefAttributes<unknown>'.
src/components/SidebarLayout.tsx(45,8): error TS2741: Property 'animate' is missing in type '{ children: Element; open: boolean; setOpen: Dispatch<SetStateAction<boolean>>; }' but required in type '{ children: any; open: any; setOpen: any; animate: any; }'.
src/components/SidebarLayout.tsx(55,18): error TS2741: Property 'className' is missing in type '{ key: number; link: { label: string; href: string; icon: Element; }; }' but required in type '{ [x: string]: any; link: any; className: any; }'.
src/components/SidebarLayout.tsx(62,14): error TS2741: Property 'className' is missing in type '{ link: { label: string; href: string; icon: Element; }; }' but required in type '{ [x: string]: any; link: any; className: any; }'.
src/components/ThreeScene.tsx(6,21): error TS2554: Expected 1 arguments, but got 0.
src/components/ThreeScene.tsx(10,23): error TS2339: Property 'position' does not exist on type 'unknown'.
src/components/ThreeScene.tsx(12,23): error TS2339: Property 'rotation' does not exist on type 'unknown'.
src/components/ThreeScene.tsx(16,44): error TS2322: Type 'RefObject<unknown>' is not assignable to type 'Ref<Mesh<BufferGeometry<NormalBufferAttributes, BufferGeometryEventMap>, Material | Material[], Object3DEventMap>>'.
  Type 'RefObject<unknown>' is not assignable to type 'RefObject<Mesh<BufferGeometry<NormalBufferAttributes, BufferGeometryEventMap>, Material | Material[], Object3DEventMap>>'.
    Type '{}' is missing the following properties from type 'Mesh<BufferGeometry<NormalBufferAttributes, BufferGeometryEventMap>, Material | Material[], Object3DEventMap>': isMesh, type, geometry, material, and 80 more.
src/components/ui/button.tsx(37,36): error TS2339: Property 'className' does not exist on type '{}'.
src/components/ui/button.tsx(37,47): error TS2339: Property 'variant' does not exist on type '{}'.
src/components/ui/button.tsx(37,56): error TS2339: Property 'size' does not exist on type '{}'.
src/components/ui/button.tsx(37,62): error TS2339: Property 'asChild' does not exist on type '{}'.
src/components/ui/button.tsx(42,7): error TS2322: Type 'ForwardedRef<unknown>' is not assignable to type 'Ref<HTMLButtonElement>'.
  Type 'RefObject<unknown>' is not assignable to type 'Ref<HTMLButtonElement>'.
    Type 'RefObject<unknown>' is not assignable to type 'RefObject<HTMLButtonElement>'.
      Type '{}' is missing the following properties from type 'HTMLButtonElement': disabled, form, formAction, formEnctype, and 334 more.
src/components/ui/card.tsx(5,34): error TS2339: Property 'className' does not exist on type '{}'.
src/components/ui/card.tsx(7,5): error TS2322: Type 'ForwardedRef<unknown>' is not assignable to type 'Ref<HTMLDivElement>'.
  Type 'RefObject<unknown>' is not assignable to type 'Ref<HTMLDivElement>'.
    Type 'RefObject<unknown>' is not assignable to type 'RefObject<HTMLDivElement>'.
      Type '{}' is missing the following properties from type 'HTMLDivElement': align, addEventListener, removeEventListener, accessKey, and 316 more.
src/components/ui/card.tsx(13,40): error TS2339: Property 'className' does not exist on type '{}'.
src/components/ui/card.tsx(15,5): error TS2322: Type 'ForwardedRef<unknown>' is not assignable to type 'Ref<HTMLDivElement>'.
  Type 'RefObject<unknown>' is not assignable to type 'Ref<HTMLDivElement>'.
    Type 'RefObject<unknown>' is not assignable to type 'RefObject<HTMLDivElement>'.
      Type '{}' is missing the following properties from type 'HTMLDivElement': align, addEventListener, removeEventListener, accessKey, and 316 more.
src/components/ui/card.tsx(21,39): error TS2339: Property 'className' does not exist on type '{}'.
src/components/ui/card.tsx(23,5): error TS2322: Type 'ForwardedRef<unknown>' is not assignable to type 'Ref<HTMLDivElement>'.
  Type 'RefObject<unknown>' is not assignable to type 'Ref<HTMLDivElement>'.
    Type 'RefObject<unknown>' is not assignable to type 'RefObject<HTMLDivElement>'.
      Type '{}' is missing the following properties from type 'HTMLDivElement': align, addEventListener, removeEventListener, accessKey, and 316 more.
src/components/ui/card.tsx(29,45): error TS2339: Property 'className' does not exist on type '{}'.
src/components/ui/card.tsx(31,5): error TS2322: Type 'ForwardedRef<unknown>' is not assignable to type 'Ref<HTMLDivElement>'.
  Type 'RefObject<unknown>' is not assignable to type 'Ref<HTMLDivElement>'.
    Type 'RefObject<unknown>' is not assignable to type 'RefObject<HTMLDivElement>'.
      Type '{}' is missing the following properties from type 'HTMLDivElement': align, addEventListener, removeEventListener, accessKey, and 316 more.
src/components/ui/card.tsx(37,41): error TS2339: Property 'className' does not exist on type '{}'.
src/components/ui/card.tsx(38,8): error TS2322: Type 'ForwardedRef<unknown>' is not assignable to type 'Ref<HTMLDivElement>'.
  Type 'RefObject<unknown>' is not assignable to type 'Ref<HTMLDivElement>'.
    Type 'RefObject<unknown>' is not assignable to type 'RefObject<HTMLDivElement>'.
      Type '{}' is missing the following properties from type 'HTMLDivElement': align, addEventListener, removeEventListener, accessKey, and 316 more.
src/components/ui/card.tsx(42,40): error TS2339: Property 'className' does not exist on type '{}'.
src/components/ui/card.tsx(44,5): error TS2322: Type 'ForwardedRef<unknown>' is not assignable to type 'Ref<HTMLDivElement>'.
  Type 'RefObject<unknown>' is not assignable to type 'Ref<HTMLDivElement>'.
    Type 'RefObject<unknown>' is not assignable to type 'RefObject<HTMLDivElement>'.
      Type '{}' is missing the following properties from type 'HTMLDivElement': align, addEventListener, removeEventListener, accessKey, and 316 more.
src/components/ui/dropdown-menu.tsx(21,52): error TS2339: Property 'className' does not exist on type '{}'.
src/components/ui/dropdown-menu.tsx(21,63): error TS2339: Property 'inset' does not exist on type '{}'.
src/components/ui/dropdown-menu.tsx(21,70): error TS2339: Property 'children' does not exist on type '{}'.
src/components/ui/dropdown-menu.tsx(23,5): error TS2322: Type 'ForwardedRef<unknown>' is not assignable to type 'Ref<HTMLDivElement>'.
  Type 'RefObject<unknown>' is not assignable to type 'Ref<HTMLDivElement>'.
    Type 'RefObject<unknown>' is not assignable to type 'RefObject<HTMLDivElement>'.
      Type '{}' is missing the following properties from type 'HTMLDivElement': align, addEventListener, removeEventListener, accessKey, and 316 more.
src/components/ui/dropdown-menu.tsx(37,52): error TS2339: Property 'className' does not exist on type '{}'.
src/components/ui/dropdown-menu.tsx(39,5): error TS2322: Type 'ForwardedRef<unknown>' is not assignable to type 'Ref<HTMLDivElement>'.
  Type 'RefObject<unknown>' is not assignable to type 'Ref<HTMLDivElement>'.
    Type 'RefObject<unknown>' is not assignable to type 'RefObject<HTMLDivElement>'.
      Type '{}' is missing the following properties from type 'HTMLDivElement': align, addEventListener, removeEventListener, accessKey, and 316 more.
src/components/ui/dropdown-menu.tsx(49,49): error TS2339: Property 'className' does not exist on type '{}'.
src/components/ui/dropdown-menu.tsx(49,60): error TS2339: Property 'sideOffset' does not exist on type '{}'.
src/components/ui/dropdown-menu.tsx(52,7): error TS2322: Type 'ForwardedRef<unknown>' is not assignable to type 'Ref<HTMLDivElement>'.
  Type 'RefObject<unknown>' is not assignable to type 'Ref<HTMLDivElement>'.
    Type 'RefObject<unknown>' is not assignable to type 'RefObject<HTMLDivElement>'.
      Type '{}' is missing the following properties from type 'HTMLDivElement': align, addEventListener, removeEventListener, accessKey, and 316 more.
src/components/ui/dropdown-menu.tsx(64,46): error TS2339: Property 'className' does not exist on type '{}'.
src/components/ui/dropdown-menu.tsx(64,57): error TS2339: Property 'inset' does not exist on type '{}'.
src/components/ui/dropdown-menu.tsx(66,5): error TS2322: Type 'ForwardedRef<unknown>' is not assignable to type 'Ref<HTMLDivElement>'.
  Type 'RefObject<unknown>' is not assignable to type 'Ref<HTMLDivElement>'.
    Type 'RefObject<unknown>' is not assignable to type 'RefObject<HTMLDivElement>'.
      Type '{}' is missing the following properties from type 'HTMLDivElement': align, addEventListener, removeEventListener, accessKey, and 316 more.
src/components/ui/dropdown-menu.tsx(76,54): error TS2339: Property 'className' does not exist on type '{}'.
src/components/ui/dropdown-menu.tsx(76,65): error TS2339: Property 'children' does not exist on type '{}'.
src/components/ui/dropdown-menu.tsx(76,75): error TS2339: Property 'checked' does not exist on type '{}'.
src/components/ui/dropdown-menu.tsx(78,5): error TS2322: Type 'ForwardedRef<unknown>' is not assignable to type 'Ref<HTMLDivElement>'.
  Type 'RefObject<unknown>' is not assignable to type 'Ref<HTMLDivElement>'.
    Type 'RefObject<unknown>' is not assignable to type 'RefObject<HTMLDivElement>'.
      Type '{}' is missing the following properties from type 'HTMLDivElement': align, addEventListener, removeEventListener, accessKey, and 316 more.
src/components/ui/dropdown-menu.tsx(96,51): error TS2339: Property 'className' does not exist on type '{}'.
src/components/ui/dropdown-menu.tsx(96,62): error TS2339: Property 'children' does not exist on type '{}'.
src/components/ui/dropdown-menu.tsx(98,5): error TS2322: Type 'ForwardedRef<unknown>' is not assignable to type 'Ref<HTMLDivElement>'.
  Type 'RefObject<unknown>' is not assignable to type 'Ref<HTMLDivElement>'.
    Type 'RefObject<unknown>' is not assignable to type 'RefObject<HTMLDivElement>'.
      Type '{}' is missing the following properties from type 'HTMLDivElement': align, addEventListener, removeEventListener, accessKey, and 316 more.
src/components/ui/dropdown-menu.tsx(114,47): error TS2339: Property 'className' does not exist on type '{}'.
src/components/ui/dropdown-menu.tsx(114,58): error TS2339: Property 'inset' does not exist on type '{}'.
src/components/ui/dropdown-menu.tsx(116,5): error TS2322: Type 'ForwardedRef<unknown>' is not assignable to type 'Ref<HTMLDivElement>'.
  Type 'RefObject<unknown>' is not assignable to type 'Ref<HTMLDivElement>'.
    Type 'RefObject<unknown>' is not assignable to type 'RefObject<HTMLDivElement>'.
      Type '{}' is missing the following properties from type 'HTMLDivElement': align, addEventListener, removeEventListener, accessKey, and 316 more.
src/components/ui/dropdown-menu.tsx(122,51): error TS2339: Property 'className' does not exist on type '{}'.
src/components/ui/dropdown-menu.tsx(124,5): error TS2322: Type 'ForwardedRef<unknown>' is not assignable to type 'Ref<HTMLDivElement>'.
  Type 'RefObject<unknown>' is not assignable to type 'Ref<HTMLDivElement>'.
    Type 'RefObject<unknown>' is not assignable to type 'RefObject<HTMLDivElement>'.
      Type '{}' is missing the following properties from type 'HTMLDivElement': align, addEventListener, removeEventListener, accessKey, and 316 more.
src/components/ui/glowing-effect.tsx(9,5): error TS2339: Property 'blur' does not exist on type '{}'.
src/components/ui/glowing-effect.tsx(10,5): error TS2339: Property 'inactiveZone' does not exist on type '{}'.
src/components/ui/glowing-effect.tsx(11,5): error TS2339: Property 'proximity' does not exist on type '{}'.
src/components/ui/glowing-effect.tsx(12,5): error TS2339: Property 'spread' does not exist on type '{}'.
src/components/ui/glowing-effect.tsx(13,5): error TS2339: Property 'variant' does not exist on type '{}'.
src/components/ui/glowing-effect.tsx(14,5): error TS2339: Property 'glow' does not exist on type '{}'.
src/components/ui/glowing-effect.tsx(15,5): error TS2339: Property 'className' does not exist on type '{}'.
src/components/ui/glowing-effect.tsx(16,5): error TS2339: Property 'movementDuration' does not exist on type '{}'.
src/components/ui/glowing-effect.tsx(17,5): error TS2339: Property 'borderWidth' does not exist on type '{}'.
src/components/ui/glowing-effect.tsx(18,5): error TS2339: Property 'disabled' does not exist on type '{}'.
src/components/ui/glowing-effect.tsx(91,34): error TS2554: Expected 1 arguments, but got 0.
src/components/ui/glowing-effect.tsx(121,13): error TS2353: Object literal may only specify known properties, and '"--blur"' does not exist in type 'Properties<string | number, string & {}>'.
src/components/ui/separator.tsx(7,5): error TS2339: Property 'className' does not exist on type '{}'.
src/components/ui/separator.tsx(7,16): error TS2339: Property 'orientation' does not exist on type '{}'.
src/components/ui/separator.tsx(7,44): error TS2339: Property 'decorative' does not exist on type '{}'.
src/components/ui/separator.tsx(11,5): error TS2322: Type 'ForwardedRef<unknown>' is not assignable to type 'Ref<HTMLDivElement>'.
  Type 'RefObject<unknown>' is not assignable to type 'Ref<HTMLDivElement>'.
    Type 'RefObject<unknown>' is not assignable to type 'RefObject<HTMLDivElement>'.
      Type '{}' is missing the following properties from type 'HTMLDivElement': align, addEventListener, removeEventListener, accessKey, and 316 more.
src/components/ui/sheet.tsx(16,42): error TS2339: Property 'className' does not exist on type '{}'.
src/components/ui/sheet.tsx(23,5): error TS2322: Type 'ForwardedRef<unknown>' is not assignable to type 'Ref<HTMLDivElement>'.
  Type 'RefObject<unknown>' is not assignable to type 'Ref<HTMLDivElement>'.
    Type 'RefObject<unknown>' is not assignable to type 'RefObject<HTMLDivElement>'.
      Type '{}' is missing the following properties from type 'HTMLDivElement': align, addEventListener, removeEventListener, accessKey, and 316 more.
src/components/ui/sheet.tsx(46,42): error TS2339: Property 'side' does not exist on type '{}'.
src/components/ui/sheet.tsx(46,58): error TS2339: Property 'className' does not exist on type '{}'.
src/components/ui/sheet.tsx(46,69): error TS2339: Property 'children' does not exist on type '{}'.
src/components/ui/sheet.tsx(49,29): error TS2322: Type 'ForwardedRef<unknown>' is not assignable to type 'Ref<HTMLDivElement>'.
  Type 'RefObject<unknown>' is not assignable to type 'Ref<HTMLDivElement>'.
    Type 'RefObject<unknown>' is not assignable to type 'RefObject<HTMLDivElement>'.
      Type '{}' is missing the following properties from type 'HTMLDivElement': align, addEventListener, removeEventListener, accessKey, and 316 more.
src/components/ui/sheet.tsx(81,40): error TS2339: Property 'className' does not exist on type '{}'.
src/components/ui/sheet.tsx(83,5): error TS2322: Type 'ForwardedRef<unknown>' is not assignable to type 'Ref<HTMLHeadingElement>'.
  Type 'RefObject<unknown>' is not assignable to type 'Ref<HTMLHeadingElement>'.
    Type 'RefObject<unknown>' is not assignable to type 'RefObject<HTMLHeadingElement>'.
      Type '{}' is missing the following properties from type 'HTMLHeadingElement': align, addEventListener, removeEventListener, accessKey, and 316 more.
src/components/ui/sheet.tsx(89,46): error TS2339: Property 'className' does not exist on type '{}'.
src/components/ui/sheet.tsx(91,5): error TS2322: Type 'ForwardedRef<unknown>' is not assignable to type 'Ref<HTMLParagraphElement>'.
  Type 'RefObject<unknown>' is not assignable to type 'Ref<HTMLParagraphElement>'.
    Type 'RefObject<unknown>' is not assignable to type 'RefObject<HTMLParagraphElement>'.
      Type '{}' is missing the following properties from type 'HTMLParagraphElement': align, addEventListener, removeEventListener, accessKey, and 316 more.
src/components/ui/toast.tsx(10,43): error TS2339: Property 'className' does not exist on type '{}'.
src/components/ui/toast.tsx(12,5): error TS2322: Type 'ForwardedRef<unknown>' is not assignable to type 'Ref<HTMLOListElement>'.
  Type 'RefObject<unknown>' is not assignable to type 'Ref<HTMLOListElement>'.
    Type 'RefObject<unknown>' is not assignable to type 'RefObject<HTMLOListElement>'.
      Type '{}' is missing the following properties from type 'HTMLOListElement': compact, reversed, start, type, and 319 more.
src/components/ui/toast.tsx(37,35): error TS2339: Property 'className' does not exist on type '{}'.
src/components/ui/toast.tsx(37,46): error TS2339: Property 'variant' does not exist on type '{}'.
src/components/ui/toast.tsx(40,7): error TS2322: Type 'ForwardedRef<unknown>' is not assignable to type 'Ref<HTMLLIElement>'.
  Type 'RefObject<unknown>' is not assignable to type 'Ref<HTMLLIElement>'.
    Type 'RefObject<unknown>' is not assignable to type 'RefObject<HTMLLIElement>'.
      Type '{}' is missing the following properties from type 'HTMLLIElement': type, value, addEventListener, removeEventListener, and 317 more.
src/components/ui/toast.tsx(47,41): error TS2339: Property 'className' does not exist on type '{}'.
src/components/ui/toast.tsx(49,5): error TS2322: Type 'ForwardedRef<unknown>' is not assignable to type 'Ref<HTMLButtonElement>'.
  Type 'RefObject<unknown>' is not assignable to type 'Ref<HTMLButtonElement>'.
    Type 'RefObject<unknown>' is not assignable to type 'RefObject<HTMLButtonElement>'.
      Type '{}' is missing the following properties from type 'HTMLButtonElement': disabled, form, formAction, formEnctype, and 334 more.
src/components/ui/toast.tsx(58,40): error TS2339: Property 'className' does not exist on type '{}'.
src/components/ui/toast.tsx(60,5): error TS2322: Type 'ForwardedRef<unknown>' is not assignable to type 'Ref<HTMLButtonElement>'.
  Type 'RefObject<unknown>' is not assignable to type 'Ref<HTMLButtonElement>'.
    Type 'RefObject<unknown>' is not assignable to type 'RefObject<HTMLButtonElement>'.
      Type '{}' is missing the following properties from type 'HTMLButtonElement': disabled, form, formAction, formEnctype, and 334 more.
src/components/ui/toast.tsx(72,40): error TS2339: Property 'className' does not exist on type '{}'.
src/components/ui/toast.tsx(74,5): error TS2322: Type 'ForwardedRef<unknown>' is not assignable to type 'Ref<HTMLDivElement>'.
  Type 'RefObject<unknown>' is not assignable to type 'Ref<HTMLDivElement>'.
    Type 'RefObject<unknown>' is not assignable to type 'RefObject<HTMLDivElement>'.
      Type '{}' is missing the following properties from type 'HTMLDivElement': align, addEventListener, removeEventListener, accessKey, and 316 more.
src/components/ui/toast.tsx(80,46): error TS2339: Property 'className' does not exist on type '{}'.
src/components/ui/toast.tsx(81,32): error TS2322: Type 'ForwardedRef<unknown>' is not assignable to type 'Ref<HTMLDivElement>'.
  Type 'RefObject<unknown>' is not assignable to type 'Ref<HTMLDivElement>'.
    Type 'RefObject<unknown>' is not assignable to type 'RefObject<HTMLDivElement>'.
      Type '{}' is missing the following properties from type 'HTMLDivElement': align, addEventListener, removeEventListener, accessKey, and 316 more.
src/components/ui/toaster.tsx(20,26): error TS2559: Type '{ children: any; }' has no properties in common with type 'IntrinsicAttributes & RefAttributes<unknown>'.
src/components/ui/toaster.tsx(22,18): error TS2559: Type '{ children: any; }' has no properties in common with type 'IntrinsicAttributes & RefAttributes<unknown>'.
src/pages/Dashboard.tsx(3,22): error TS1261: Already included file name 'C:/Users/katta/OneDrive/Desktop/Web Dev/StudySync2/frontend/src/components/dashboard/QuestLog.tsx' differs from file name 'C:/Users/katta/OneDrive/Desktop/Web Dev/StudySync2/frontend/src/components/dashboard/Questlog.tsx' only in casing.
  The file is in the program because:
    Imported via '../components/dashboard/QuestLog' from file 'C:/Users/katta/OneDrive/Desktop/Web Dev/StudySync2/frontend/src/pages/Dashboard.tsx'
    Matched by include pattern 'src' in 'C:/Users/katta/OneDrive/Desktop/Web Dev/StudySync2/frontend/tsconfig.json'
src/pages/LandingPage.tsx(98,24): error TS2322: Type '{ children: string; size: string; onClick: () => void; className: string; }' is not assignable to type 'IntrinsicAttributes & RefAttributes<unknown>'.
  Property 'children' does not exist on type 'IntrinsicAttributes & RefAttributes<unknown>'.
src/pages/LandingPage.tsx(107,24): error TS2322: Type '{ children: string; variant: string; size: string; className: string; }' is not assignable to type 'IntrinsicAttributes & RefAttributes<unknown>'.
  Property 'children' does not exist on type 'IntrinsicAttributes & RefAttributes<unknown>'.
src/pages/LandingPage.tsx(246,35): error TS2322: Type '{ blur: number; borderWidth: number; spread: number; glow: boolean; disabled: boolean; proximity: number; inactiveZone: number; }' is not assignable to type 'IntrinsicAttributes & object'.
  Property 'blur' does not exist on type 'IntrinsicAttributes & object'.
src/pages/LandingPage.tsx(281,24): error TS2322: Type '{ children: string; size: string; onClick: () => void; className: string; }' is not assignable to type 'IntrinsicAttributes & RefAttributes<unknown>'.
  Property 'children' does not exist on type 'IntrinsicAttributes & RefAttributes<unknown>'.
